# Test cases for 3-print_square module
=======================================

The 3-print_square module prints a square with the character '#'.

Usage
=====

Importing function from the module:
    >>> print_square = __import__('4-print_square').print_square

# Test cases with valid inputs
>>> print_square(5)
#####
#####
#####
#####
#####

>>> print_square(1)
#

>>> print_square(0)

# Test cases with invalid inputs
>>> print_square(5.5)
Traceback (most recent call last):
    ...
TypeError: size must be an integer

>>> print_square(-2)
Traceback (most recent call last):
    ...
ValueError: size must be >= 0
